../Core/Src/main.c:75:5:_write	32	static
../Core/Src/main.c:88:6:HAL_CAN_TxMailbox0CompleteCallback	16	static
../Core/Src/main.c:93:6:HAL_CAN_TxMailbox1CompleteCallback	16	static
../Core/Src/main.c:98:6:HAL_CAN_TxMailbox2CompleteCallback	16	static
../Core/Src/main.c:103:6:HAL_CAN_TxMailbox0AbortCallback	16	static
../Core/Src/main.c:108:6:HAL_CAN_TxMailbox1AbortCallback	16	static
../Core/Src/main.c:113:6:HAL_CAN_TxMailbox2AbortCallback	16	static
../Core/Src/main.c:119:6:HAL_CAN_RxFifo0MsgPendingCallback	80	static
../Core/Src/main.c:128:6:HAL_CAN_RxFifo0FullCallback	16	static
../Core/Src/main.c:133:6:HAL_CAN_RxFifo1MsgPendingCallback	16	static
../Core/Src/main.c:138:6:HAL_CAN_RxFifo1FullCallback	16	static
../Core/Src/main.c:143:6:HAL_CAN_SleepCallback	16	static
../Core/Src/main.c:148:6:HAL_CAN_WakeUpFromRxMsgCallback	16	static
../Core/Src/main.c:153:6:HAL_CAN_ErrorCallback	16	static
../Core/Src/main.c:164:5:main	64	static
../Core/Src/main.c:278:6:SystemClock_Config	88	static
../Core/Src/main.c:324:13:MX_CAN1_Init	8	static
../Core/Src/main.c:361:13:MX_USART1_UART_Init	8	static
../Core/Src/main.c:394:13:MX_GPIO_Init	48	static
../Core/Src/main.c:428:6:Error_Handler	4	static,ignoring_inline_asm
