../Core/Src/main.c:74:5:_write	32	static
../Core/Src/main.c:87:6:HAL_CAN_TxMailbox0CompleteCallback	16	static
../Core/Src/main.c:92:6:HAL_CAN_TxMailbox1CompleteCallback	16	static
../Core/Src/main.c:97:6:HAL_CAN_TxMailbox2CompleteCallback	16	static
../Core/Src/main.c:102:6:HAL_CAN_TxMailbox0AbortCallback	16	static
../Core/Src/main.c:107:6:HAL_CAN_TxMailbox1AbortCallback	16	static
../Core/Src/main.c:112:6:HAL_CAN_TxMailbox2AbortCallback	16	static
../Core/Src/main.c:118:6:HAL_CAN_RxFifo0MsgPendingCallback	80	static
../Core/Src/main.c:127:6:HAL_CAN_RxFifo0FullCallback	16	static
../Core/Src/main.c:132:6:HAL_CAN_RxFifo1MsgPendingCallback	16	static
../Core/Src/main.c:137:6:HAL_CAN_RxFifo1FullCallback	16	static
../Core/Src/main.c:142:6:HAL_CAN_SleepCallback	16	static
../Core/Src/main.c:147:6:HAL_CAN_WakeUpFromRxMsgCallback	16	static
../Core/Src/main.c:152:6:HAL_CAN_ErrorCallback	16	static
../Core/Src/main.c:163:5:main	64	static
../Core/Src/main.c:277:6:SystemClock_Config	88	static
../Core/Src/main.c:323:13:MX_CAN1_Init	8	static
../Core/Src/main.c:360:13:MX_USART1_UART_Init	8	static
../Core/Src/main.c:393:13:MX_GPIO_Init	48	static
../Core/Src/main.c:427:6:Error_Handler	4	static,ignoring_inline_asm
