../Core/Src/main.c:84:5:_write	32	static
../Core/Src/main.c:97:6:HAL_CAN_TxMailbox0CompleteCallback	16	static
../Core/Src/main.c:102:6:HAL_CAN_TxMailbox1CompleteCallback	16	static
../Core/Src/main.c:107:6:HAL_CAN_TxMailbox2CompleteCallback	16	static
../Core/Src/main.c:112:6:HAL_CAN_TxMailbox0AbortCallback	16	static
../Core/Src/main.c:117:6:HAL_CAN_TxMailbox1AbortCallback	16	static
../Core/Src/main.c:122:6:HAL_CAN_TxMailbox2AbortCallback	16	static
../Core/Src/main.c:127:6:HAL_CAN_RxFifo0MsgPendingCallback	32	static
../Core/Src/main.c:203:6:HAL_CAN_RxFifo0FullCallback	16	static
../Core/Src/main.c:208:6:HAL_CAN_RxFifo1MsgPendingCallback	16	static
../Core/Src/main.c:213:6:HAL_CAN_RxFifo1FullCallback	16	static
../Core/Src/main.c:218:6:HAL_CAN_SleepCallback	16	static
../Core/Src/main.c:223:6:HAL_CAN_WakeUpFromRxMsgCallback	16	static
../Core/Src/main.c:228:6:HAL_CAN_ErrorCallback	16	static
../Core/Src/main.c:239:5:main	64	static
../Core/Src/main.c:395:6:SystemClock_Config	88	static
../Core/Src/main.c:441:13:MX_CAN1_Init	8	static
../Core/Src/main.c:478:13:MX_CAN2_Init	8	static
../Core/Src/main.c:515:13:MX_RNG_Init	8	static
../Core/Src/main.c:541:13:MX_USART1_UART_Init	8	static
../Core/Src/main.c:574:13:MX_GPIO_Init	48	static
../Core/Src/main.c:608:6:Error_Handler	4	static,ignoring_inline_asm
