../Core/Src/main.c:80:5:main	8	static
../Core/Src/main.c:130:6:SystemClock_Config	88	static
../Core/Src/main.c:176:13:MX_I2C1_Init	8	static
../Core/Src/main.c:210:13:MX_I2C2_Init	8	static
../Core/Src/main.c:244:13:MX_SPI1_Init	8	static
../Core/Src/main.c:282:13:MX_SPI2_Init	8	static
../Core/Src/main.c:319:13:MX_USART1_UART_Init	8	static
../Core/Src/main.c:352:13:MX_USART2_UART_Init	8	static
../Core/Src/main.c:385:13:MX_USART3_UART_Init	8	static
../Core/Src/main.c:418:13:MX_GPIO_Init	48	static
../Core/Src/main.c:474:6:Error_Handler	4	static,ignoring_inline_asm
