../Drivers/STM32F4xx_HAL_Driver/Src/stm32f4xx_hal_can.c:507:13:HAL_CAN_MspInit	0	static
../Drivers/STM32F4xx_HAL_Driver/Src/stm32f4xx_hal_can.c:275:19:HAL_CAN_Init	16	static
../Drivers/STM32F4xx_HAL_Driver/Src/stm32f4xx_hal_can.c:523:13:HAL_CAN_MspDeInit	0	static
../Drivers/STM32F4xx_HAL_Driver/Src/stm32f4xx_hal_can.c:840:19:HAL_CAN_ConfigFilter	12	static
../Drivers/STM32F4xx_HAL_Driver/Src/stm32f4xx_hal_can.c:1034:19:HAL_CAN_Start	16	static
../Drivers/STM32F4xx_HAL_Driver/Src/stm32f4xx_hal_can.c:1086:19:HAL_CAN_Stop	16	static
../Drivers/STM32F4xx_HAL_Driver/Src/stm32f4xx_hal_can.c:460:19:HAL_CAN_DeInit	8	static
../Drivers/STM32F4xx_HAL_Driver/Src/stm32f4xx_hal_can.c:1141:19:HAL_CAN_RequestSleep	0	static
../Drivers/STM32F4xx_HAL_Driver/Src/stm32f4xx_hal_can.c:1172:19:HAL_CAN_WakeUp	8	static
../Drivers/STM32F4xx_HAL_Driver/Src/stm32f4xx_hal_can.c:1219:10:HAL_CAN_IsSleepActive	0	static
../Drivers/STM32F4xx_HAL_Driver/Src/stm32f4xx_hal_can.c:1250:19:HAL_CAN_AddTxMessage	12	static
../Drivers/STM32F4xx_HAL_Driver/Src/stm32f4xx_hal_can.c:1350:19:HAL_CAN_AbortTxRequest	0	static
../Drivers/STM32F4xx_HAL_Driver/Src/stm32f4xx_hal_can.c:1399:10:HAL_CAN_GetTxMailboxesFreeLevel	0	static
../Drivers/STM32F4xx_HAL_Driver/Src/stm32f4xx_hal_can.c:1442:10:HAL_CAN_IsTxMessagePending	0	static
../Drivers/STM32F4xx_HAL_Driver/Src/stm32f4xx_hal_can.c:1474:10:HAL_CAN_GetTxTimestamp	0	static,ignoring_inline_asm
../Drivers/STM32F4xx_HAL_Driver/Src/stm32f4xx_hal_can.c:1508:19:HAL_CAN_GetRxMessage	8	static
../Drivers/STM32F4xx_HAL_Driver/Src/stm32f4xx_hal_can.c:1608:10:HAL_CAN_GetRxFifoFillLevel	0	static
../Drivers/STM32F4xx_HAL_Driver/Src/stm32f4xx_hal_can.c:1661:19:HAL_CAN_ActivateNotification	0	static
../Drivers/STM32F4xx_HAL_Driver/Src/stm32f4xx_hal_can.c:1694:19:HAL_CAN_DeactivateNotification	0	static
../Drivers/STM32F4xx_HAL_Driver/Src/stm32f4xx_hal_can.c:2136:13:HAL_CAN_TxMailbox0CompleteCallback	0	static
../Drivers/STM32F4xx_HAL_Driver/Src/stm32f4xx_hal_can.c:2153:13:HAL_CAN_TxMailbox1CompleteCallback	0	static
../Drivers/STM32F4xx_HAL_Driver/Src/stm32f4xx_hal_can.c:2170:13:HAL_CAN_TxMailbox2CompleteCallback	0	static
../Drivers/STM32F4xx_HAL_Driver/Src/stm32f4xx_hal_can.c:2187:13:HAL_CAN_TxMailbox0AbortCallback	0	static
../Drivers/STM32F4xx_HAL_Driver/Src/stm32f4xx_hal_can.c:2204:13:HAL_CAN_TxMailbox1AbortCallback	0	static
../Drivers/STM32F4xx_HAL_Driver/Src/stm32f4xx_hal_can.c:2221:13:HAL_CAN_TxMailbox2AbortCallback	0	static
../Drivers/STM32F4xx_HAL_Driver/Src/stm32f4xx_hal_can.c:2238:13:HAL_CAN_RxFifo0MsgPendingCallback	0	static
../Drivers/STM32F4xx_HAL_Driver/Src/stm32f4xx_hal_can.c:2255:13:HAL_CAN_RxFifo0FullCallback	0	static
../Drivers/STM32F4xx_HAL_Driver/Src/stm32f4xx_hal_can.c:2272:13:HAL_CAN_RxFifo1MsgPendingCallback	0	static
../Drivers/STM32F4xx_HAL_Driver/Src/stm32f4xx_hal_can.c:2289:13:HAL_CAN_RxFifo1FullCallback	0	static
../Drivers/STM32F4xx_HAL_Driver/Src/stm32f4xx_hal_can.c:2306:13:HAL_CAN_SleepCallback	0	static
../Drivers/STM32F4xx_HAL_Driver/Src/stm32f4xx_hal_can.c:2322:13:HAL_CAN_WakeUpFromRxMsgCallback	0	static
../Drivers/STM32F4xx_HAL_Driver/Src/stm32f4xx_hal_can.c:2339:13:HAL_CAN_ErrorCallback	0	static
../Drivers/STM32F4xx_HAL_Driver/Src/stm32f4xx_hal_can.c:1725:6:HAL_CAN_IRQHandler	40	static
../Drivers/STM32F4xx_HAL_Driver/Src/stm32f4xx_hal_can.c:2376:22:HAL_CAN_GetState	0	static
../Drivers/STM32F4xx_HAL_Driver/Src/stm32f4xx_hal_can.c:2411:10:HAL_CAN_GetError	0	static
../Drivers/STM32F4xx_HAL_Driver/Src/stm32f4xx_hal_can.c:2423:19:HAL_CAN_ResetError	0	static
